

================================================================
== Vitis HLS Report for 'FFT_stage_3'
================================================================
* Date:           Sat Apr 27 17:51:58 2024

* Version:        2023.2 (Build 4023990 on Oct 11 2023)
* Project:        32pt_fft
* Solution:       with_opt (Vivado IP Flow Target)
* Product family: zynq
* Target device:  xc7z020-clg484-3


================================================================
== Performance Estimates
================================================================
+ Timing: 
    * Summary: 
    +--------+----------+----------+------------+
    |  Clock |  Target  | Estimated| Uncertainty|
    +--------+----------+----------+------------+
    |ap_clk  |  10.00 ns|  5.620 ns|     2.70 ns|
    +--------+----------+----------+------------+

+ Latency: 
    * Summary: 
    +---------+---------+-----------+-----------+-----+-----+---------+
    |  Latency (cycles) |   Latency (absolute)  |  Interval | Pipeline|
    |   min   |   max   |    min    |    max    | min | max |   Type  |
    +---------+---------+-----------+-----------+-----+-----+---------+
    |        6|        6|  60.000 ns|  60.000 ns|    6|    6|       no|
    +---------+---------+-----------+-----------+-----+-----+---------+

    + Detail: 
        * Instance: 
        N/A

        * Loop: 
        +-------------+---------+---------+----------+-----------+-----------+------+----------+
        |             |  Latency (cycles) | Iteration|  Initiation Interval  | Trip |          |
        |  Loop Name  |   min   |   max   |  Latency |  achieved |   target  | Count| Pipelined|
        +-------------+---------+---------+----------+-----------+-----------+------+----------+
        |- FFT_loop1  |        4|        4|         4|          1|          1|     2|       yes|
        +-------------+---------+---------+----------+-----------+-----------+------+----------+



================================================================
== Utilization Estimates
================================================================
* Summary: 
+-----------------+---------+-----+--------+-------+-----+
|       Name      | BRAM_18K| DSP |   FF   |  LUT  | URAM|
+-----------------+---------+-----+--------+-------+-----+
|DSP              |        -|   12|       -|      -|    -|
|Expression       |        -|    -|       0|   1304|    -|
|FIFO             |        -|    -|       -|      -|    -|
|Instance         |        -|   10|       0|     60|    -|
|Memory           |        -|    -|       -|      -|    -|
|Multiplexer      |        -|    -|       -|     44|    -|
|Register         |        -|    -|     554|     32|    -|
+-----------------+---------+-----+--------+-------+-----+
|Total            |        0|   22|     554|   1440|    0|
+-----------------+---------+-----+--------+-------+-----+
|Available        |      280|  220|  106400|  53200|    0|
+-----------------+---------+-----+--------+-------+-----+
|Utilization (%)  |        0|   10|      ~0|      2|    0|
+-----------------+---------+-----+--------+-------+-----+

+ Detail: 
    * Instance: 
    +-------------------------+--------------------+---------+----+---+----+-----+
    |         Instance        |       Module       | BRAM_18K| DSP| FF| LUT| URAM|
    +-------------------------+--------------------+---------+----+---+----+-----+
    |mul_16s_8ns_24_1_1_U108  |mul_16s_8ns_24_1_1  |        0|   1|  0|   6|    0|
    |mul_16s_8ns_24_1_1_U112  |mul_16s_8ns_24_1_1  |        0|   1|  0|   6|    0|
    |mul_16s_8s_24_1_1_U109   |mul_16s_8s_24_1_1   |        0|   1|  0|   6|    0|
    |mul_16s_8s_24_1_1_U113   |mul_16s_8s_24_1_1   |        0|   1|  0|   6|    0|
    |mul_16s_9ns_24_1_1_U106  |mul_16s_9ns_24_1_1  |        0|   1|  0|   6|    0|
    |mul_16s_9ns_24_1_1_U107  |mul_16s_9ns_24_1_1  |        0|   1|  0|   6|    0|
    |mul_16s_9ns_24_1_1_U110  |mul_16s_9ns_24_1_1  |        0|   1|  0|   6|    0|
    |mul_16s_9ns_24_1_1_U111  |mul_16s_9ns_24_1_1  |        0|   1|  0|   6|    0|
    |mul_16s_9s_24_1_1_U114   |mul_16s_9s_24_1_1   |        0|   1|  0|   6|    0|
    |mul_16s_9s_24_1_1_U115   |mul_16s_9s_24_1_1   |        0|   1|  0|   6|    0|
    +-------------------------+--------------------+---------+----+---+----+-----+
    |Total                    |                    |        0|  10|  0|  60|    0|
    +-------------------------+--------------------+---------+----+---+----+-----+

    * DSP: 
    +------------------------------------+-------------------------------+----------------+
    |              Instance              |             Module            |   Expression   |
    +------------------------------------+-------------------------------+----------------+
    |am_addmul_16s_16s_9s_24_4_1_U125    |am_addmul_16s_16s_9s_24_4_1    |  (i0 + i1) * i2|
    |am_submul_16s_16s_9s_24_4_1_U124    |am_submul_16s_16s_9s_24_4_1    |  (i0 - i1) * i2|
    |mac_muladd_16s_7ns_24s_24_4_1_U120  |mac_muladd_16s_7ns_24s_24_4_1  |    i0 + i1 * i2|
    |mac_muladd_16s_7ns_24s_24_4_1_U126  |mac_muladd_16s_7ns_24s_24_4_1  |    i0 + i1 * i2|
    |mac_muladd_16s_8ns_24s_24_4_1_U121  |mac_muladd_16s_8ns_24s_24_4_1  |    i0 + i1 * i2|
    |mac_muladd_16s_8ns_24s_24_4_1_U122  |mac_muladd_16s_8ns_24s_24_4_1  |    i0 + i1 * i2|
    |mac_muladd_16s_8ns_24s_24_4_1_U123  |mac_muladd_16s_8ns_24s_24_4_1  |    i0 + i1 * i2|
    |mac_muladd_16s_8s_24s_24_4_1_U116   |mac_muladd_16s_8s_24s_24_4_1   |    i0 + i1 * i2|
    |mac_muladd_16s_8s_24s_24_4_1_U127   |mac_muladd_16s_8s_24s_24_4_1   |    i0 + i1 * i2|
    |mac_muladd_16s_9s_24s_24_4_1_U117   |mac_muladd_16s_9s_24s_24_4_1   |    i0 + i1 * i2|
    |mac_muladd_16s_9s_24s_24_4_1_U118   |mac_muladd_16s_9s_24s_24_4_1   |    i0 + i1 * i2|
    |mac_muladd_16s_9s_24s_24_4_1_U119   |mac_muladd_16s_9s_24s_24_4_1   |    i0 + i1 * i2|
    +------------------------------------+-------------------------------+----------------+

    * Memory: 
    N/A

    * FIFO: 
    N/A

    * Expression: 
    +----------------------------+----------+----+---+----+------------+------------+
    |        Variable Name       | Operation| DSP| FF| LUT| Bitwidth P0| Bitwidth P1|
    +----------------------------+----------+----+---+----+------------+------------+
    |add_ln22_fu_584_p2          |         +|   0|  0|  10|           2|           1|
    |p_r_M_imag_48_fu_624_p2     |         +|   0|  0|  23|          16|          16|
    |p_r_M_imag_69_fu_1279_p2    |         +|   0|  0|  23|          16|          16|
    |p_r_M_imag_72_fu_1091_p2    |         +|   0|  0|  23|          16|          16|
    |p_r_M_imag_74_fu_1138_p2    |         +|   0|  0|  23|          16|          16|
    |p_r_M_imag_76_fu_770_p2     |         +|   0|  0|  23|          16|          16|
    |p_r_M_imag_78_fu_1185_p2    |         +|   0|  0|  23|          16|          16|
    |p_r_M_imag_80_fu_1232_p2    |         +|   0|  0|  23|          16|          16|
    |p_r_M_imag_fu_1044_p2       |         +|   0|  0|  23|          16|          16|
    |p_r_M_real_48_fu_618_p2     |         +|   0|  0|  23|          16|          16|
    |p_r_M_real_69_fu_1273_p2    |         +|   0|  0|  23|          16|          16|
    |p_r_M_real_72_fu_1085_p2    |         +|   0|  0|  23|          16|          16|
    |p_r_M_real_74_fu_1132_p2    |         +|   0|  0|  23|          16|          16|
    |p_r_M_real_76_fu_788_p2     |         +|   0|  0|  23|          16|          16|
    |p_r_M_real_78_fu_1179_p2    |         +|   0|  0|  23|          16|          16|
    |p_r_M_real_80_fu_1226_p2    |         +|   0|  0|  23|          16|          16|
    |p_r_M_real_fu_1038_p2       |         +|   0|  0|  23|          16|          16|
    |p_r_M_imag_49_fu_636_p2     |         -|   0|  0|  23|          16|          16|
    |p_r_M_imag_70_fu_1291_p2    |         -|   0|  0|  23|          16|          16|
    |p_r_M_imag_71_fu_1056_p2    |         -|   0|  0|  23|          16|          16|
    |p_r_M_imag_73_fu_1103_p2    |         -|   0|  0|  23|          16|          16|
    |p_r_M_imag_75_fu_1150_p2    |         -|   0|  0|  23|          16|          16|
    |p_r_M_imag_77_fu_776_p2     |         -|   0|  0|  23|          16|          16|
    |p_r_M_imag_79_fu_1197_p2    |         -|   0|  0|  23|          16|          16|
    |p_r_M_imag_81_fu_1244_p2    |         -|   0|  0|  23|          16|          16|
    |p_r_M_real_49_fu_630_p2     |         -|   0|  0|  23|          16|          16|
    |p_r_M_real_70_fu_1285_p2    |         -|   0|  0|  23|          16|          16|
    |p_r_M_real_71_fu_1050_p2    |         -|   0|  0|  23|          16|          16|
    |p_r_M_real_73_fu_1097_p2    |         -|   0|  0|  23|          16|          16|
    |p_r_M_real_75_fu_1144_p2    |         -|   0|  0|  23|          16|          16|
    |p_r_M_real_77_fu_794_p2     |         -|   0|  0|  23|          16|          16|
    |p_r_M_real_79_fu_1191_p2    |         -|   0|  0|  23|          16|          16|
    |p_r_M_real_81_fu_1238_p2    |         -|   0|  0|  23|          16|          16|
    |sub_ln389_10_fu_692_p2      |         -|   0|  0|  31|           1|          24|
    |icmp_ln22_fu_578_p2         |      icmp|   0|  0|  11|           2|           3|
    |select_ln27_10_fu_744_p3    |    select|   0|  0|  16|           1|          16|
    |select_ln27_11_fu_754_p3    |    select|   0|  0|  16|           1|          16|
    |select_ln27_12_fu_782_p3    |    select|   0|  0|  16|           1|          16|
    |select_ln27_13_fu_800_p3    |    select|   0|  0|  16|           1|          16|
    |select_ln27_14_fu_810_p3    |    select|   0|  0|  16|           1|          16|
    |select_ln27_15_fu_820_p3    |    select|   0|  0|  16|           1|          16|
    |select_ln27_1_fu_612_p3     |    select|   0|  0|  16|           1|          16|
    |select_ln27_2_fu_642_p3     |    select|   0|  0|  16|           1|          16|
    |select_ln27_3_fu_652_p3     |    select|   0|  0|  16|           1|          16|
    |select_ln27_4_fu_662_p3     |    select|   0|  0|  16|           1|          16|
    |select_ln27_5_fu_678_p3     |    select|   0|  0|  16|           1|          16|
    |select_ln27_6_fu_708_p3     |    select|   0|  0|  16|           1|          16|
    |select_ln27_7_fu_718_p3     |    select|   0|  0|  16|           1|          16|
    |select_ln27_8_fu_728_p3     |    select|   0|  0|  16|           1|          16|
    |select_ln27_9_fu_734_p3     |    select|   0|  0|  16|           1|          16|
    |select_ln27_fu_606_p3       |    select|   0|  0|  16|           1|          16|
    |temp1_M_imag_16_fu_1015_p3  |    select|   0|  0|  16|           1|          16|
    |temp1_M_imag_17_fu_1062_p3  |    select|   0|  0|  16|           1|          16|
    |temp1_M_imag_18_fu_1109_p3  |    select|   0|  0|  16|           1|          16|
    |temp1_M_imag_19_fu_764_p3   |    select|   0|  0|  16|           1|          16|
    |temp1_M_imag_20_fu_1156_p3  |    select|   0|  0|  16|           1|          16|
    |temp1_M_imag_21_fu_1203_p3  |    select|   0|  0|  16|           1|          16|
    |temp1_M_imag_22_fu_1250_p3  |    select|   0|  0|  16|           1|          16|
    |temp1_M_imag_fu_600_p3      |    select|   0|  0|  16|           1|          16|
    |temp1_M_real_16_fu_985_p3   |    select|   0|  0|  16|           1|          16|
    |temp1_M_real_17_fu_990_p3   |    select|   0|  0|  16|           1|          16|
    |temp1_M_real_18_fu_995_p3   |    select|   0|  0|  16|           1|          16|
    |temp1_M_real_19_fu_672_p3   |    select|   0|  0|  16|           1|          16|
    |temp1_M_real_20_fu_1000_p3  |    select|   0|  0|  16|           1|          16|
    |temp1_M_real_21_fu_1005_p3  |    select|   0|  0|  16|           1|          16|
    |temp1_M_real_22_fu_1010_p3  |    select|   0|  0|  16|           1|          16|
    |temp1_M_real_fu_594_p3      |    select|   0|  0|  16|           1|          16|
    |ap_enable_pp0               |       xor|   0|  0|   2|           1|           2|
    |ap_enable_reg_pp0_iter1     |       xor|   0|  0|   2|           2|           1|
    +----------------------------+----------+----+---+----+------------+------------+
    |Total                       |          |   0|  0|1304|         552|        1055|
    +----------------------------+----------+----+---+----+------------+------------+

    * Multiplexer: 
    +-------------------------+----+-----------+-----+-----------+
    |           Name          | LUT| Input Size| Bits| Total Bits|
    +-------------------------+----+-----------+-----+-----------+
    |ap_NS_fsm                |  17|          4|    1|          4|
    |ap_enable_reg_pp0_iter1  |   9|          2|    1|          2|
    |ap_enable_reg_pp0_iter3  |   9|          2|    1|          2|
    |block_num_fu_310         |   9|          2|    2|          4|
    +-------------------------+----+-----------+-----+-----------+
    |Total                    |  44|         10|    5|         12|
    +-------------------------+----+-----------+-----+-----------+

    * Register: 
    +--------------------------------------+----+----+-----+-----------+
    |                 Name                 | FF | LUT| Bits| Const Bits|
    +--------------------------------------+----+----+-----+-----------+
    |ap_CS_fsm                             |   3|   0|    3|          0|
    |ap_enable_reg_pp0_iter0               |   1|   0|    1|          0|
    |ap_enable_reg_pp0_iter1               |   1|   0|    1|          0|
    |ap_enable_reg_pp0_iter2               |   1|   0|    1|          0|
    |ap_enable_reg_pp0_iter3               |   1|   0|    1|          0|
    |block_num_fu_310                      |   2|   0|    2|          0|
    |sext_ln26_1_reg_2057                  |  24|   0|   24|          0|
    |sext_ln26_1_reg_2057_pp0_iter1_reg    |  24|   0|   24|          0|
    |sext_ln26_reg_2051                    |  24|   0|   24|          0|
    |sext_ln26_reg_2051_pp0_iter1_reg      |  24|   0|   24|          0|
    |sext_ln389_44_reg_2045                |  24|   0|   24|          0|
    |sext_ln389_44_reg_2045_pp0_iter1_reg  |  24|   0|   24|          0|
    |sext_ln389_45_reg_2063                |  24|   0|   24|          0|
    |sext_ln389_45_reg_2063_pp0_iter1_reg  |  24|   0|   24|          0|
    |sext_ln389_46_reg_2069                |  24|   0|   24|          0|
    |sext_ln389_46_reg_2069_pp0_iter1_reg  |  24|   0|   24|          0|
    |sext_ln389_47_reg_2075                |  24|   0|   24|          0|
    |sext_ln389_47_reg_2075_pp0_iter1_reg  |  24|   0|   24|          0|
    |sext_ln389_48_reg_2081                |  24|   0|   24|          0|
    |sext_ln389_48_reg_2081_pp0_iter1_reg  |  24|   0|   24|          0|
    |sext_ln389_50_reg_2087                |  24|   0|   24|          0|
    |sext_ln389_50_reg_2087_pp0_iter1_reg  |  24|   0|   24|          0|
    |sext_ln389_51_reg_2093                |  24|   0|   24|          0|
    |sext_ln389_51_reg_2093_pp0_iter1_reg  |  24|   0|   24|          0|
    |sext_ln389_reg_2039                   |  24|   0|   24|          0|
    |sext_ln389_reg_2039_pp0_iter1_reg     |  24|   0|   24|          0|
    |trunc_ln22_reg_2023                   |   1|   0|    1|          0|
    |trunc_ln22_reg_2023                   |  64|  32|    1|          0|
    +--------------------------------------+----+----+-----+-----------+
    |Total                                 | 554|  32|  491|          0|
    +--------------------------------------+----+----+-----+-----------+



================================================================
== Interface
================================================================
* Summary: 
+--------------------------------------------------------------------------+-----+-----+------------+-------------------------------------------------------------------+--------------+
|                                 RTL Ports                                | Dir | Bits|  Protocol  |                           Source Object                           |    C Type    |
+--------------------------------------------------------------------------+-----+-----+------------+-------------------------------------------------------------------+--------------+
|ap_clk                                                                    |   in|    1|  ap_ctrl_hs|                                                        FFT_stage.3|  return value|
|ap_rst                                                                    |   in|    1|  ap_ctrl_hs|                                                        FFT_stage.3|  return value|
|ap_start                                                                  |   in|    1|  ap_ctrl_hs|                                                        FFT_stage.3|  return value|
|ap_done                                                                   |  out|    1|  ap_ctrl_hs|                                                        FFT_stage.3|  return value|
|ap_idle                                                                   |  out|    1|  ap_ctrl_hs|                                                        FFT_stage.3|  return value|
|ap_ready                                                                  |  out|    1|  ap_ctrl_hs|                                                        FFT_stage.3|  return value|
|FFT_complex_ap_fixed_16_8_5_3_0_complex_ap_fixed_16_8_5_3_0_s3            |   in|   16|     ap_none|     FFT_complex_ap_fixed_16_8_5_3_0_complex_ap_fixed_16_8_5_3_0_s3|       pointer|
|FFT_complex_ap_fixed_16_8_5_3_0_complex_ap_fixed_16_8_5_3_0_s3_31         |   in|   16|     ap_none|  FFT_complex_ap_fixed_16_8_5_3_0_complex_ap_fixed_16_8_5_3_0_s3_31|       pointer|
|FFT_complex_ap_fixed_16_8_5_3_0_complex_ap_fixed_16_8_5_3_0_s3_47         |   in|   16|     ap_none|  FFT_complex_ap_fixed_16_8_5_3_0_complex_ap_fixed_16_8_5_3_0_s3_47|       pointer|
|FFT_complex_ap_fixed_16_8_5_3_0_complex_ap_fixed_16_8_5_3_0_s3_63         |   in|   16|     ap_none|  FFT_complex_ap_fixed_16_8_5_3_0_complex_ap_fixed_16_8_5_3_0_s3_63|       pointer|
|FFT_complex_ap_fixed_16_8_5_3_0_complex_ap_fixed_16_8_5_3_0_s3_23         |   in|   16|     ap_none|  FFT_complex_ap_fixed_16_8_5_3_0_complex_ap_fixed_16_8_5_3_0_s3_23|       pointer|
|FFT_complex_ap_fixed_16_8_5_3_0_complex_ap_fixed_16_8_5_3_0_s3_39         |   in|   16|     ap_none|  FFT_complex_ap_fixed_16_8_5_3_0_complex_ap_fixed_16_8_5_3_0_s3_39|       pointer|
|FFT_complex_ap_fixed_16_8_5_3_0_complex_ap_fixed_16_8_5_3_0_s3_55         |   in|   16|     ap_none|  FFT_complex_ap_fixed_16_8_5_3_0_complex_ap_fixed_16_8_5_3_0_s3_55|       pointer|
|FFT_complex_ap_fixed_16_8_5_3_0_complex_ap_fixed_16_8_5_3_0_s3_71         |   in|   16|     ap_none|  FFT_complex_ap_fixed_16_8_5_3_0_complex_ap_fixed_16_8_5_3_0_s3_71|       pointer|
|FFT_complex_ap_fixed_16_8_5_3_0_complex_ap_fixed_16_8_5_3_0_s3_16         |   in|   16|     ap_none|  FFT_complex_ap_fixed_16_8_5_3_0_complex_ap_fixed_16_8_5_3_0_s3_16|       pointer|
|FFT_complex_ap_fixed_16_8_5_3_0_complex_ap_fixed_16_8_5_3_0_s3_32         |   in|   16|     ap_none|  FFT_complex_ap_fixed_16_8_5_3_0_complex_ap_fixed_16_8_5_3_0_s3_32|       pointer|
|FFT_complex_ap_fixed_16_8_5_3_0_complex_ap_fixed_16_8_5_3_0_s3_24         |   in|   16|     ap_none|  FFT_complex_ap_fixed_16_8_5_3_0_complex_ap_fixed_16_8_5_3_0_s3_24|       pointer|
|FFT_complex_ap_fixed_16_8_5_3_0_complex_ap_fixed_16_8_5_3_0_s3_40         |   in|   16|     ap_none|  FFT_complex_ap_fixed_16_8_5_3_0_complex_ap_fixed_16_8_5_3_0_s3_40|       pointer|
|FFT_complex_ap_fixed_16_8_5_3_0_complex_ap_fixed_16_8_5_3_0_s3_17         |   in|   16|     ap_none|  FFT_complex_ap_fixed_16_8_5_3_0_complex_ap_fixed_16_8_5_3_0_s3_17|       pointer|
|FFT_complex_ap_fixed_16_8_5_3_0_complex_ap_fixed_16_8_5_3_0_s3_33         |   in|   16|     ap_none|  FFT_complex_ap_fixed_16_8_5_3_0_complex_ap_fixed_16_8_5_3_0_s3_33|       pointer|
|FFT_complex_ap_fixed_16_8_5_3_0_complex_ap_fixed_16_8_5_3_0_s3_25         |   in|   16|     ap_none|  FFT_complex_ap_fixed_16_8_5_3_0_complex_ap_fixed_16_8_5_3_0_s3_25|       pointer|
|FFT_complex_ap_fixed_16_8_5_3_0_complex_ap_fixed_16_8_5_3_0_s3_41         |   in|   16|     ap_none|  FFT_complex_ap_fixed_16_8_5_3_0_complex_ap_fixed_16_8_5_3_0_s3_41|       pointer|
|FFT_complex_ap_fixed_16_8_5_3_0_complex_ap_fixed_16_8_5_3_0_s3_18         |   in|   16|     ap_none|  FFT_complex_ap_fixed_16_8_5_3_0_complex_ap_fixed_16_8_5_3_0_s3_18|       pointer|
|FFT_complex_ap_fixed_16_8_5_3_0_complex_ap_fixed_16_8_5_3_0_s3_34         |   in|   16|     ap_none|  FFT_complex_ap_fixed_16_8_5_3_0_complex_ap_fixed_16_8_5_3_0_s3_34|       pointer|
|FFT_complex_ap_fixed_16_8_5_3_0_complex_ap_fixed_16_8_5_3_0_s3_26         |   in|   16|     ap_none|  FFT_complex_ap_fixed_16_8_5_3_0_complex_ap_fixed_16_8_5_3_0_s3_26|       pointer|
|FFT_complex_ap_fixed_16_8_5_3_0_complex_ap_fixed_16_8_5_3_0_s3_42         |   in|   16|     ap_none|  FFT_complex_ap_fixed_16_8_5_3_0_complex_ap_fixed_16_8_5_3_0_s3_42|       pointer|
|FFT_complex_ap_fixed_16_8_5_3_0_complex_ap_fixed_16_8_5_3_0_s3_19         |   in|   16|     ap_none|  FFT_complex_ap_fixed_16_8_5_3_0_complex_ap_fixed_16_8_5_3_0_s3_19|       pointer|
|FFT_complex_ap_fixed_16_8_5_3_0_complex_ap_fixed_16_8_5_3_0_s3_35         |   in|   16|     ap_none|  FFT_complex_ap_fixed_16_8_5_3_0_complex_ap_fixed_16_8_5_3_0_s3_35|       pointer|
|FFT_complex_ap_fixed_16_8_5_3_0_complex_ap_fixed_16_8_5_3_0_s3_27         |   in|   16|     ap_none|  FFT_complex_ap_fixed_16_8_5_3_0_complex_ap_fixed_16_8_5_3_0_s3_27|       pointer|
|FFT_complex_ap_fixed_16_8_5_3_0_complex_ap_fixed_16_8_5_3_0_s3_43         |   in|   16|     ap_none|  FFT_complex_ap_fixed_16_8_5_3_0_complex_ap_fixed_16_8_5_3_0_s3_43|       pointer|
|FFT_complex_ap_fixed_16_8_5_3_0_complex_ap_fixed_16_8_5_3_0_s3_20         |   in|   16|     ap_none|  FFT_complex_ap_fixed_16_8_5_3_0_complex_ap_fixed_16_8_5_3_0_s3_20|       pointer|
|FFT_complex_ap_fixed_16_8_5_3_0_complex_ap_fixed_16_8_5_3_0_s3_36         |   in|   16|     ap_none|  FFT_complex_ap_fixed_16_8_5_3_0_complex_ap_fixed_16_8_5_3_0_s3_36|       pointer|
|FFT_complex_ap_fixed_16_8_5_3_0_complex_ap_fixed_16_8_5_3_0_s3_28         |   in|   16|     ap_none|  FFT_complex_ap_fixed_16_8_5_3_0_complex_ap_fixed_16_8_5_3_0_s3_28|       pointer|
|FFT_complex_ap_fixed_16_8_5_3_0_complex_ap_fixed_16_8_5_3_0_s3_44         |   in|   16|     ap_none|  FFT_complex_ap_fixed_16_8_5_3_0_complex_ap_fixed_16_8_5_3_0_s3_44|       pointer|
|FFT_complex_ap_fixed_16_8_5_3_0_complex_ap_fixed_16_8_5_3_0_s3_21         |   in|   16|     ap_none|  FFT_complex_ap_fixed_16_8_5_3_0_complex_ap_fixed_16_8_5_3_0_s3_21|       pointer|
|FFT_complex_ap_fixed_16_8_5_3_0_complex_ap_fixed_16_8_5_3_0_s3_37         |   in|   16|     ap_none|  FFT_complex_ap_fixed_16_8_5_3_0_complex_ap_fixed_16_8_5_3_0_s3_37|       pointer|
|FFT_complex_ap_fixed_16_8_5_3_0_complex_ap_fixed_16_8_5_3_0_s3_29         |   in|   16|     ap_none|  FFT_complex_ap_fixed_16_8_5_3_0_complex_ap_fixed_16_8_5_3_0_s3_29|       pointer|
|FFT_complex_ap_fixed_16_8_5_3_0_complex_ap_fixed_16_8_5_3_0_s3_45         |   in|   16|     ap_none|  FFT_complex_ap_fixed_16_8_5_3_0_complex_ap_fixed_16_8_5_3_0_s3_45|       pointer|
|FFT_complex_ap_fixed_16_8_5_3_0_complex_ap_fixed_16_8_5_3_0_s3_22         |   in|   16|     ap_none|  FFT_complex_ap_fixed_16_8_5_3_0_complex_ap_fixed_16_8_5_3_0_s3_22|       pointer|
|FFT_complex_ap_fixed_16_8_5_3_0_complex_ap_fixed_16_8_5_3_0_s3_38         |   in|   16|     ap_none|  FFT_complex_ap_fixed_16_8_5_3_0_complex_ap_fixed_16_8_5_3_0_s3_38|       pointer|
|FFT_complex_ap_fixed_16_8_5_3_0_complex_ap_fixed_16_8_5_3_0_s3_30         |   in|   16|     ap_none|  FFT_complex_ap_fixed_16_8_5_3_0_complex_ap_fixed_16_8_5_3_0_s3_30|       pointer|
|FFT_complex_ap_fixed_16_8_5_3_0_complex_ap_fixed_16_8_5_3_0_s3_46         |   in|   16|     ap_none|  FFT_complex_ap_fixed_16_8_5_3_0_complex_ap_fixed_16_8_5_3_0_s3_46|       pointer|
|FFT_complex_ap_fixed_16_8_5_3_0_complex_ap_fixed_16_8_5_3_0_s3_48         |   in|   16|     ap_none|  FFT_complex_ap_fixed_16_8_5_3_0_complex_ap_fixed_16_8_5_3_0_s3_48|       pointer|
|FFT_complex_ap_fixed_16_8_5_3_0_complex_ap_fixed_16_8_5_3_0_s3_64         |   in|   16|     ap_none|  FFT_complex_ap_fixed_16_8_5_3_0_complex_ap_fixed_16_8_5_3_0_s3_64|       pointer|
|FFT_complex_ap_fixed_16_8_5_3_0_complex_ap_fixed_16_8_5_3_0_s3_56         |   in|   16|     ap_none|  FFT_complex_ap_fixed_16_8_5_3_0_complex_ap_fixed_16_8_5_3_0_s3_56|       pointer|
|FFT_complex_ap_fixed_16_8_5_3_0_complex_ap_fixed_16_8_5_3_0_s3_72         |   in|   16|     ap_none|  FFT_complex_ap_fixed_16_8_5_3_0_complex_ap_fixed_16_8_5_3_0_s3_72|       pointer|
|FFT_complex_ap_fixed_16_8_5_3_0_complex_ap_fixed_16_8_5_3_0_s3_49         |   in|   16|     ap_none|  FFT_complex_ap_fixed_16_8_5_3_0_complex_ap_fixed_16_8_5_3_0_s3_49|       pointer|
|FFT_complex_ap_fixed_16_8_5_3_0_complex_ap_fixed_16_8_5_3_0_s3_65         |   in|   16|     ap_none|  FFT_complex_ap_fixed_16_8_5_3_0_complex_ap_fixed_16_8_5_3_0_s3_65|       pointer|
|FFT_complex_ap_fixed_16_8_5_3_0_complex_ap_fixed_16_8_5_3_0_s3_57         |   in|   16|     ap_none|  FFT_complex_ap_fixed_16_8_5_3_0_complex_ap_fixed_16_8_5_3_0_s3_57|       pointer|
|FFT_complex_ap_fixed_16_8_5_3_0_complex_ap_fixed_16_8_5_3_0_s3_73         |   in|   16|     ap_none|  FFT_complex_ap_fixed_16_8_5_3_0_complex_ap_fixed_16_8_5_3_0_s3_73|       pointer|
|FFT_complex_ap_fixed_16_8_5_3_0_complex_ap_fixed_16_8_5_3_0_s3_50         |   in|   16|     ap_none|  FFT_complex_ap_fixed_16_8_5_3_0_complex_ap_fixed_16_8_5_3_0_s3_50|       pointer|
|FFT_complex_ap_fixed_16_8_5_3_0_complex_ap_fixed_16_8_5_3_0_s3_66         |   in|   16|     ap_none|  FFT_complex_ap_fixed_16_8_5_3_0_complex_ap_fixed_16_8_5_3_0_s3_66|       pointer|
|FFT_complex_ap_fixed_16_8_5_3_0_complex_ap_fixed_16_8_5_3_0_s3_58         |   in|   16|     ap_none|  FFT_complex_ap_fixed_16_8_5_3_0_complex_ap_fixed_16_8_5_3_0_s3_58|       pointer|
|FFT_complex_ap_fixed_16_8_5_3_0_complex_ap_fixed_16_8_5_3_0_s3_74         |   in|   16|     ap_none|  FFT_complex_ap_fixed_16_8_5_3_0_complex_ap_fixed_16_8_5_3_0_s3_74|       pointer|
|FFT_complex_ap_fixed_16_8_5_3_0_complex_ap_fixed_16_8_5_3_0_s3_51         |   in|   16|     ap_none|  FFT_complex_ap_fixed_16_8_5_3_0_complex_ap_fixed_16_8_5_3_0_s3_51|       pointer|
|FFT_complex_ap_fixed_16_8_5_3_0_complex_ap_fixed_16_8_5_3_0_s3_67         |   in|   16|     ap_none|  FFT_complex_ap_fixed_16_8_5_3_0_complex_ap_fixed_16_8_5_3_0_s3_67|       pointer|
|FFT_complex_ap_fixed_16_8_5_3_0_complex_ap_fixed_16_8_5_3_0_s3_59         |   in|   16|     ap_none|  FFT_complex_ap_fixed_16_8_5_3_0_complex_ap_fixed_16_8_5_3_0_s3_59|       pointer|
|FFT_complex_ap_fixed_16_8_5_3_0_complex_ap_fixed_16_8_5_3_0_s3_75         |   in|   16|     ap_none|  FFT_complex_ap_fixed_16_8_5_3_0_complex_ap_fixed_16_8_5_3_0_s3_75|       pointer|
|FFT_complex_ap_fixed_16_8_5_3_0_complex_ap_fixed_16_8_5_3_0_s3_52         |   in|   16|     ap_none|  FFT_complex_ap_fixed_16_8_5_3_0_complex_ap_fixed_16_8_5_3_0_s3_52|       pointer|
|FFT_complex_ap_fixed_16_8_5_3_0_complex_ap_fixed_16_8_5_3_0_s3_68         |   in|   16|     ap_none|  FFT_complex_ap_fixed_16_8_5_3_0_complex_ap_fixed_16_8_5_3_0_s3_68|       pointer|
|FFT_complex_ap_fixed_16_8_5_3_0_complex_ap_fixed_16_8_5_3_0_s3_60         |   in|   16|     ap_none|  FFT_complex_ap_fixed_16_8_5_3_0_complex_ap_fixed_16_8_5_3_0_s3_60|       pointer|
|FFT_complex_ap_fixed_16_8_5_3_0_complex_ap_fixed_16_8_5_3_0_s3_76         |   in|   16|     ap_none|  FFT_complex_ap_fixed_16_8_5_3_0_complex_ap_fixed_16_8_5_3_0_s3_76|       pointer|
|FFT_complex_ap_fixed_16_8_5_3_0_complex_ap_fixed_16_8_5_3_0_s3_53         |   in|   16|     ap_none|  FFT_complex_ap_fixed_16_8_5_3_0_complex_ap_fixed_16_8_5_3_0_s3_53|       pointer|
|FFT_complex_ap_fixed_16_8_5_3_0_complex_ap_fixed_16_8_5_3_0_s3_69         |   in|   16|     ap_none|  FFT_complex_ap_fixed_16_8_5_3_0_complex_ap_fixed_16_8_5_3_0_s3_69|       pointer|
|FFT_complex_ap_fixed_16_8_5_3_0_complex_ap_fixed_16_8_5_3_0_s3_61         |   in|   16|     ap_none|  FFT_complex_ap_fixed_16_8_5_3_0_complex_ap_fixed_16_8_5_3_0_s3_61|       pointer|
|FFT_complex_ap_fixed_16_8_5_3_0_complex_ap_fixed_16_8_5_3_0_s3_77         |   in|   16|     ap_none|  FFT_complex_ap_fixed_16_8_5_3_0_complex_ap_fixed_16_8_5_3_0_s3_77|       pointer|
|FFT_complex_ap_fixed_16_8_5_3_0_complex_ap_fixed_16_8_5_3_0_s3_54         |   in|   16|     ap_none|  FFT_complex_ap_fixed_16_8_5_3_0_complex_ap_fixed_16_8_5_3_0_s3_54|       pointer|
|FFT_complex_ap_fixed_16_8_5_3_0_complex_ap_fixed_16_8_5_3_0_s3_70         |   in|   16|     ap_none|  FFT_complex_ap_fixed_16_8_5_3_0_complex_ap_fixed_16_8_5_3_0_s3_70|       pointer|
|FFT_complex_ap_fixed_16_8_5_3_0_complex_ap_fixed_16_8_5_3_0_s3_62         |   in|   16|     ap_none|  FFT_complex_ap_fixed_16_8_5_3_0_complex_ap_fixed_16_8_5_3_0_s3_62|       pointer|
|FFT_complex_ap_fixed_16_8_5_3_0_complex_ap_fixed_16_8_5_3_0_s3_78         |   in|   16|     ap_none|  FFT_complex_ap_fixed_16_8_5_3_0_complex_ap_fixed_16_8_5_3_0_s3_78|       pointer|
|FFT_complex_ap_fixed_16_8_5_3_0_complex_ap_fixed_16_8_5_3_0_s4_42         |  out|   16|      ap_vld|  FFT_complex_ap_fixed_16_8_5_3_0_complex_ap_fixed_16_8_5_3_0_s4_42|       pointer|
|FFT_complex_ap_fixed_16_8_5_3_0_complex_ap_fixed_16_8_5_3_0_s4_42_ap_vld  |  out|    1|      ap_vld|  FFT_complex_ap_fixed_16_8_5_3_0_complex_ap_fixed_16_8_5_3_0_s4_42|       pointer|
|FFT_complex_ap_fixed_16_8_5_3_0_complex_ap_fixed_16_8_5_3_0_s4_86         |  out|   16|      ap_vld|  FFT_complex_ap_fixed_16_8_5_3_0_complex_ap_fixed_16_8_5_3_0_s4_86|       pointer|
|FFT_complex_ap_fixed_16_8_5_3_0_complex_ap_fixed_16_8_5_3_0_s4_86_ap_vld  |  out|    1|      ap_vld|  FFT_complex_ap_fixed_16_8_5_3_0_complex_ap_fixed_16_8_5_3_0_s4_86|       pointer|
|FFT_complex_ap_fixed_16_8_5_3_0_complex_ap_fixed_16_8_5_3_0_s4_79         |  out|   16|      ap_vld|  FFT_complex_ap_fixed_16_8_5_3_0_complex_ap_fixed_16_8_5_3_0_s4_79|       pointer|
|FFT_complex_ap_fixed_16_8_5_3_0_complex_ap_fixed_16_8_5_3_0_s4_79_ap_vld  |  out|    1|      ap_vld|  FFT_complex_ap_fixed_16_8_5_3_0_complex_ap_fixed_16_8_5_3_0_s4_79|       pointer|
|FFT_complex_ap_fixed_16_8_5_3_0_complex_ap_fixed_16_8_5_3_0_s4_87         |  out|   16|      ap_vld|  FFT_complex_ap_fixed_16_8_5_3_0_complex_ap_fixed_16_8_5_3_0_s4_87|       pointer|
|FFT_complex_ap_fixed_16_8_5_3_0_complex_ap_fixed_16_8_5_3_0_s4_87_ap_vld  |  out|    1|      ap_vld|  FFT_complex_ap_fixed_16_8_5_3_0_complex_ap_fixed_16_8_5_3_0_s4_87|       pointer|
|FFT_complex_ap_fixed_16_8_5_3_0_complex_ap_fixed_16_8_5_3_0_s4_80         |  out|   16|      ap_vld|  FFT_complex_ap_fixed_16_8_5_3_0_complex_ap_fixed_16_8_5_3_0_s4_80|       pointer|
|FFT_complex_ap_fixed_16_8_5_3_0_complex_ap_fixed_16_8_5_3_0_s4_80_ap_vld  |  out|    1|      ap_vld|  FFT_complex_ap_fixed_16_8_5_3_0_complex_ap_fixed_16_8_5_3_0_s4_80|       pointer|
|FFT_complex_ap_fixed_16_8_5_3_0_complex_ap_fixed_16_8_5_3_0_s4_88         |  out|   16|      ap_vld|  FFT_complex_ap_fixed_16_8_5_3_0_complex_ap_fixed_16_8_5_3_0_s4_88|       pointer|
|FFT_complex_ap_fixed_16_8_5_3_0_complex_ap_fixed_16_8_5_3_0_s4_88_ap_vld  |  out|    1|      ap_vld|  FFT_complex_ap_fixed_16_8_5_3_0_complex_ap_fixed_16_8_5_3_0_s4_88|       pointer|
|FFT_complex_ap_fixed_16_8_5_3_0_complex_ap_fixed_16_8_5_3_0_s4_81         |  out|   16|      ap_vld|  FFT_complex_ap_fixed_16_8_5_3_0_complex_ap_fixed_16_8_5_3_0_s4_81|       pointer|
|FFT_complex_ap_fixed_16_8_5_3_0_complex_ap_fixed_16_8_5_3_0_s4_81_ap_vld  |  out|    1|      ap_vld|  FFT_complex_ap_fixed_16_8_5_3_0_complex_ap_fixed_16_8_5_3_0_s4_81|       pointer|
|FFT_complex_ap_fixed_16_8_5_3_0_complex_ap_fixed_16_8_5_3_0_s4_89         |  out|   16|      ap_vld|  FFT_complex_ap_fixed_16_8_5_3_0_complex_ap_fixed_16_8_5_3_0_s4_89|       pointer|
|FFT_complex_ap_fixed_16_8_5_3_0_complex_ap_fixed_16_8_5_3_0_s4_89_ap_vld  |  out|    1|      ap_vld|  FFT_complex_ap_fixed_16_8_5_3_0_complex_ap_fixed_16_8_5_3_0_s4_89|       pointer|
|FFT_complex_ap_fixed_16_8_5_3_0_complex_ap_fixed_16_8_5_3_0_s4_82         |  out|   16|      ap_vld|  FFT_complex_ap_fixed_16_8_5_3_0_complex_ap_fixed_16_8_5_3_0_s4_82|       pointer|
|FFT_complex_ap_fixed_16_8_5_3_0_complex_ap_fixed_16_8_5_3_0_s4_82_ap_vld  |  out|    1|      ap_vld|  FFT_complex_ap_fixed_16_8_5_3_0_complex_ap_fixed_16_8_5_3_0_s4_82|       pointer|
|FFT_complex_ap_fixed_16_8_5_3_0_complex_ap_fixed_16_8_5_3_0_s4_90         |  out|   16|      ap_vld|  FFT_complex_ap_fixed_16_8_5_3_0_complex_ap_fixed_16_8_5_3_0_s4_90|       pointer|
|FFT_complex_ap_fixed_16_8_5_3_0_complex_ap_fixed_16_8_5_3_0_s4_90_ap_vld  |  out|    1|      ap_vld|  FFT_complex_ap_fixed_16_8_5_3_0_complex_ap_fixed_16_8_5_3_0_s4_90|       pointer|
|FFT_complex_ap_fixed_16_8_5_3_0_complex_ap_fixed_16_8_5_3_0_s4_83         |  out|   16|      ap_vld|  FFT_complex_ap_fixed_16_8_5_3_0_complex_ap_fixed_16_8_5_3_0_s4_83|       pointer|
|FFT_complex_ap_fixed_16_8_5_3_0_complex_ap_fixed_16_8_5_3_0_s4_83_ap_vld  |  out|    1|      ap_vld|  FFT_complex_ap_fixed_16_8_5_3_0_complex_ap_fixed_16_8_5_3_0_s4_83|       pointer|
|FFT_complex_ap_fixed_16_8_5_3_0_complex_ap_fixed_16_8_5_3_0_s4_91         |  out|   16|      ap_vld|  FFT_complex_ap_fixed_16_8_5_3_0_complex_ap_fixed_16_8_5_3_0_s4_91|       pointer|
|FFT_complex_ap_fixed_16_8_5_3_0_complex_ap_fixed_16_8_5_3_0_s4_91_ap_vld  |  out|    1|      ap_vld|  FFT_complex_ap_fixed_16_8_5_3_0_complex_ap_fixed_16_8_5_3_0_s4_91|       pointer|
|FFT_complex_ap_fixed_16_8_5_3_0_complex_ap_fixed_16_8_5_3_0_s4_84         |  out|   16|      ap_vld|  FFT_complex_ap_fixed_16_8_5_3_0_complex_ap_fixed_16_8_5_3_0_s4_84|       pointer|
|FFT_complex_ap_fixed_16_8_5_3_0_complex_ap_fixed_16_8_5_3_0_s4_84_ap_vld  |  out|    1|      ap_vld|  FFT_complex_ap_fixed_16_8_5_3_0_complex_ap_fixed_16_8_5_3_0_s4_84|       pointer|
|FFT_complex_ap_fixed_16_8_5_3_0_complex_ap_fixed_16_8_5_3_0_s4_92         |  out|   16|      ap_vld|  FFT_complex_ap_fixed_16_8_5_3_0_complex_ap_fixed_16_8_5_3_0_s4_92|       pointer|
|FFT_complex_ap_fixed_16_8_5_3_0_complex_ap_fixed_16_8_5_3_0_s4_92_ap_vld  |  out|    1|      ap_vld|  FFT_complex_ap_fixed_16_8_5_3_0_complex_ap_fixed_16_8_5_3_0_s4_92|       pointer|
|FFT_complex_ap_fixed_16_8_5_3_0_complex_ap_fixed_16_8_5_3_0_s4_85         |  out|   16|      ap_vld|  FFT_complex_ap_fixed_16_8_5_3_0_complex_ap_fixed_16_8_5_3_0_s4_85|       pointer|
|FFT_complex_ap_fixed_16_8_5_3_0_complex_ap_fixed_16_8_5_3_0_s4_85_ap_vld  |  out|    1|      ap_vld|  FFT_complex_ap_fixed_16_8_5_3_0_complex_ap_fixed_16_8_5_3_0_s4_85|       pointer|
|FFT_complex_ap_fixed_16_8_5_3_0_complex_ap_fixed_16_8_5_3_0_s4_93         |  out|   16|      ap_vld|  FFT_complex_ap_fixed_16_8_5_3_0_complex_ap_fixed_16_8_5_3_0_s4_93|       pointer|
|FFT_complex_ap_fixed_16_8_5_3_0_complex_ap_fixed_16_8_5_3_0_s4_93_ap_vld  |  out|    1|      ap_vld|  FFT_complex_ap_fixed_16_8_5_3_0_complex_ap_fixed_16_8_5_3_0_s4_93|       pointer|
|FFT_complex_ap_fixed_16_8_5_3_0_complex_ap_fixed_16_8_5_3_0_s4_31         |  out|   16|      ap_vld|  FFT_complex_ap_fixed_16_8_5_3_0_complex_ap_fixed_16_8_5_3_0_s4_31|       pointer|
|FFT_complex_ap_fixed_16_8_5_3_0_complex_ap_fixed_16_8_5_3_0_s4_31_ap_vld  |  out|    1|      ap_vld|  FFT_complex_ap_fixed_16_8_5_3_0_complex_ap_fixed_16_8_5_3_0_s4_31|       pointer|
|FFT_complex_ap_fixed_16_8_5_3_0_complex_ap_fixed_16_8_5_3_0_s4_23         |  out|   16|      ap_vld|  FFT_complex_ap_fixed_16_8_5_3_0_complex_ap_fixed_16_8_5_3_0_s4_23|       pointer|
|FFT_complex_ap_fixed_16_8_5_3_0_complex_ap_fixed_16_8_5_3_0_s4_23_ap_vld  |  out|    1|      ap_vld|  FFT_complex_ap_fixed_16_8_5_3_0_complex_ap_fixed_16_8_5_3_0_s4_23|       pointer|
|FFT_complex_ap_fixed_16_8_5_3_0_complex_ap_fixed_16_8_5_3_0_s4_30         |  out|   16|      ap_vld|  FFT_complex_ap_fixed_16_8_5_3_0_complex_ap_fixed_16_8_5_3_0_s4_30|       pointer|
|FFT_complex_ap_fixed_16_8_5_3_0_complex_ap_fixed_16_8_5_3_0_s4_30_ap_vld  |  out|    1|      ap_vld|  FFT_complex_ap_fixed_16_8_5_3_0_complex_ap_fixed_16_8_5_3_0_s4_30|       pointer|
|FFT_complex_ap_fixed_16_8_5_3_0_complex_ap_fixed_16_8_5_3_0_s4_22         |  out|   16|      ap_vld|  FFT_complex_ap_fixed_16_8_5_3_0_complex_ap_fixed_16_8_5_3_0_s4_22|       pointer|
|FFT_complex_ap_fixed_16_8_5_3_0_complex_ap_fixed_16_8_5_3_0_s4_22_ap_vld  |  out|    1|      ap_vld|  FFT_complex_ap_fixed_16_8_5_3_0_complex_ap_fixed_16_8_5_3_0_s4_22|       pointer|
|FFT_complex_ap_fixed_16_8_5_3_0_complex_ap_fixed_16_8_5_3_0_s4_29         |  out|   16|      ap_vld|  FFT_complex_ap_fixed_16_8_5_3_0_complex_ap_fixed_16_8_5_3_0_s4_29|       pointer|
|FFT_complex_ap_fixed_16_8_5_3_0_complex_ap_fixed_16_8_5_3_0_s4_29_ap_vld  |  out|    1|      ap_vld|  FFT_complex_ap_fixed_16_8_5_3_0_complex_ap_fixed_16_8_5_3_0_s4_29|       pointer|
|FFT_complex_ap_fixed_16_8_5_3_0_complex_ap_fixed_16_8_5_3_0_s4_21         |  out|   16|      ap_vld|  FFT_complex_ap_fixed_16_8_5_3_0_complex_ap_fixed_16_8_5_3_0_s4_21|       pointer|
|FFT_complex_ap_fixed_16_8_5_3_0_complex_ap_fixed_16_8_5_3_0_s4_21_ap_vld  |  out|    1|      ap_vld|  FFT_complex_ap_fixed_16_8_5_3_0_complex_ap_fixed_16_8_5_3_0_s4_21|       pointer|
|FFT_complex_ap_fixed_16_8_5_3_0_complex_ap_fixed_16_8_5_3_0_s4_28         |  out|   16|      ap_vld|  FFT_complex_ap_fixed_16_8_5_3_0_complex_ap_fixed_16_8_5_3_0_s4_28|       pointer|
|FFT_complex_ap_fixed_16_8_5_3_0_complex_ap_fixed_16_8_5_3_0_s4_28_ap_vld  |  out|    1|      ap_vld|  FFT_complex_ap_fixed_16_8_5_3_0_complex_ap_fixed_16_8_5_3_0_s4_28|       pointer|
|FFT_complex_ap_fixed_16_8_5_3_0_complex_ap_fixed_16_8_5_3_0_s4_20         |  out|   16|      ap_vld|  FFT_complex_ap_fixed_16_8_5_3_0_complex_ap_fixed_16_8_5_3_0_s4_20|       pointer|
|FFT_complex_ap_fixed_16_8_5_3_0_complex_ap_fixed_16_8_5_3_0_s4_20_ap_vld  |  out|    1|      ap_vld|  FFT_complex_ap_fixed_16_8_5_3_0_complex_ap_fixed_16_8_5_3_0_s4_20|       pointer|
|FFT_complex_ap_fixed_16_8_5_3_0_complex_ap_fixed_16_8_5_3_0_s4_27         |  out|   16|      ap_vld|  FFT_complex_ap_fixed_16_8_5_3_0_complex_ap_fixed_16_8_5_3_0_s4_27|       pointer|
|FFT_complex_ap_fixed_16_8_5_3_0_complex_ap_fixed_16_8_5_3_0_s4_27_ap_vld  |  out|    1|      ap_vld|  FFT_complex_ap_fixed_16_8_5_3_0_complex_ap_fixed_16_8_5_3_0_s4_27|       pointer|
|FFT_complex_ap_fixed_16_8_5_3_0_complex_ap_fixed_16_8_5_3_0_s4_19         |  out|   16|      ap_vld|  FFT_complex_ap_fixed_16_8_5_3_0_complex_ap_fixed_16_8_5_3_0_s4_19|       pointer|
|FFT_complex_ap_fixed_16_8_5_3_0_complex_ap_fixed_16_8_5_3_0_s4_19_ap_vld  |  out|    1|      ap_vld|  FFT_complex_ap_fixed_16_8_5_3_0_complex_ap_fixed_16_8_5_3_0_s4_19|       pointer|
|FFT_complex_ap_fixed_16_8_5_3_0_complex_ap_fixed_16_8_5_3_0_s4_26         |  out|   16|      ap_vld|  FFT_complex_ap_fixed_16_8_5_3_0_complex_ap_fixed_16_8_5_3_0_s4_26|       pointer|
|FFT_complex_ap_fixed_16_8_5_3_0_complex_ap_fixed_16_8_5_3_0_s4_26_ap_vld  |  out|    1|      ap_vld|  FFT_complex_ap_fixed_16_8_5_3_0_complex_ap_fixed_16_8_5_3_0_s4_26|       pointer|
|FFT_complex_ap_fixed_16_8_5_3_0_complex_ap_fixed_16_8_5_3_0_s4_18         |  out|   16|      ap_vld|  FFT_complex_ap_fixed_16_8_5_3_0_complex_ap_fixed_16_8_5_3_0_s4_18|       pointer|
|FFT_complex_ap_fixed_16_8_5_3_0_complex_ap_fixed_16_8_5_3_0_s4_18_ap_vld  |  out|    1|      ap_vld|  FFT_complex_ap_fixed_16_8_5_3_0_complex_ap_fixed_16_8_5_3_0_s4_18|       pointer|
|FFT_complex_ap_fixed_16_8_5_3_0_complex_ap_fixed_16_8_5_3_0_s4_25         |  out|   16|      ap_vld|  FFT_complex_ap_fixed_16_8_5_3_0_complex_ap_fixed_16_8_5_3_0_s4_25|       pointer|
|FFT_complex_ap_fixed_16_8_5_3_0_complex_ap_fixed_16_8_5_3_0_s4_25_ap_vld  |  out|    1|      ap_vld|  FFT_complex_ap_fixed_16_8_5_3_0_complex_ap_fixed_16_8_5_3_0_s4_25|       pointer|
|FFT_complex_ap_fixed_16_8_5_3_0_complex_ap_fixed_16_8_5_3_0_s4_17         |  out|   16|      ap_vld|  FFT_complex_ap_fixed_16_8_5_3_0_complex_ap_fixed_16_8_5_3_0_s4_17|       pointer|
|FFT_complex_ap_fixed_16_8_5_3_0_complex_ap_fixed_16_8_5_3_0_s4_17_ap_vld  |  out|    1|      ap_vld|  FFT_complex_ap_fixed_16_8_5_3_0_complex_ap_fixed_16_8_5_3_0_s4_17|       pointer|
|FFT_complex_ap_fixed_16_8_5_3_0_complex_ap_fixed_16_8_5_3_0_s4_24         |  out|   16|      ap_vld|  FFT_complex_ap_fixed_16_8_5_3_0_complex_ap_fixed_16_8_5_3_0_s4_24|       pointer|
|FFT_complex_ap_fixed_16_8_5_3_0_complex_ap_fixed_16_8_5_3_0_s4_24_ap_vld  |  out|    1|      ap_vld|  FFT_complex_ap_fixed_16_8_5_3_0_complex_ap_fixed_16_8_5_3_0_s4_24|       pointer|
|FFT_complex_ap_fixed_16_8_5_3_0_complex_ap_fixed_16_8_5_3_0_s4_16         |  out|   16|      ap_vld|  FFT_complex_ap_fixed_16_8_5_3_0_complex_ap_fixed_16_8_5_3_0_s4_16|       pointer|
|FFT_complex_ap_fixed_16_8_5_3_0_complex_ap_fixed_16_8_5_3_0_s4_16_ap_vld  |  out|    1|      ap_vld|  FFT_complex_ap_fixed_16_8_5_3_0_complex_ap_fixed_16_8_5_3_0_s4_16|       pointer|
|FFT_complex_ap_fixed_16_8_5_3_0_complex_ap_fixed_16_8_5_3_0_s4_94         |  out|   16|      ap_vld|  FFT_complex_ap_fixed_16_8_5_3_0_complex_ap_fixed_16_8_5_3_0_s4_94|       pointer|
|FFT_complex_ap_fixed_16_8_5_3_0_complex_ap_fixed_16_8_5_3_0_s4_94_ap_vld  |  out|    1|      ap_vld|  FFT_complex_ap_fixed_16_8_5_3_0_complex_ap_fixed_16_8_5_3_0_s4_94|       pointer|
|FFT_complex_ap_fixed_16_8_5_3_0_complex_ap_fixed_16_8_5_3_0_s4_39         |  out|   16|      ap_vld|  FFT_complex_ap_fixed_16_8_5_3_0_complex_ap_fixed_16_8_5_3_0_s4_39|       pointer|
|FFT_complex_ap_fixed_16_8_5_3_0_complex_ap_fixed_16_8_5_3_0_s4_39_ap_vld  |  out|    1|      ap_vld|  FFT_complex_ap_fixed_16_8_5_3_0_complex_ap_fixed_16_8_5_3_0_s4_39|       pointer|
|FFT_complex_ap_fixed_16_8_5_3_0_complex_ap_fixed_16_8_5_3_0_s4_95         |  out|   16|      ap_vld|  FFT_complex_ap_fixed_16_8_5_3_0_complex_ap_fixed_16_8_5_3_0_s4_95|       pointer|
|FFT_complex_ap_fixed_16_8_5_3_0_complex_ap_fixed_16_8_5_3_0_s4_95_ap_vld  |  out|    1|      ap_vld|  FFT_complex_ap_fixed_16_8_5_3_0_complex_ap_fixed_16_8_5_3_0_s4_95|       pointer|
|FFT_complex_ap_fixed_16_8_5_3_0_complex_ap_fixed_16_8_5_3_0_s4_38         |  out|   16|      ap_vld|  FFT_complex_ap_fixed_16_8_5_3_0_complex_ap_fixed_16_8_5_3_0_s4_38|       pointer|
|FFT_complex_ap_fixed_16_8_5_3_0_complex_ap_fixed_16_8_5_3_0_s4_38_ap_vld  |  out|    1|      ap_vld|  FFT_complex_ap_fixed_16_8_5_3_0_complex_ap_fixed_16_8_5_3_0_s4_38|       pointer|
|FFT_complex_ap_fixed_16_8_5_3_0_complex_ap_fixed_16_8_5_3_0_s4_96         |  out|   16|      ap_vld|  FFT_complex_ap_fixed_16_8_5_3_0_complex_ap_fixed_16_8_5_3_0_s4_96|       pointer|
|FFT_complex_ap_fixed_16_8_5_3_0_complex_ap_fixed_16_8_5_3_0_s4_96_ap_vld  |  out|    1|      ap_vld|  FFT_complex_ap_fixed_16_8_5_3_0_complex_ap_fixed_16_8_5_3_0_s4_96|       pointer|
|FFT_complex_ap_fixed_16_8_5_3_0_complex_ap_fixed_16_8_5_3_0_s4_37         |  out|   16|      ap_vld|  FFT_complex_ap_fixed_16_8_5_3_0_complex_ap_fixed_16_8_5_3_0_s4_37|       pointer|
|FFT_complex_ap_fixed_16_8_5_3_0_complex_ap_fixed_16_8_5_3_0_s4_37_ap_vld  |  out|    1|      ap_vld|  FFT_complex_ap_fixed_16_8_5_3_0_complex_ap_fixed_16_8_5_3_0_s4_37|       pointer|
|FFT_complex_ap_fixed_16_8_5_3_0_complex_ap_fixed_16_8_5_3_0_s4_97         |  out|   16|      ap_vld|  FFT_complex_ap_fixed_16_8_5_3_0_complex_ap_fixed_16_8_5_3_0_s4_97|       pointer|
|FFT_complex_ap_fixed_16_8_5_3_0_complex_ap_fixed_16_8_5_3_0_s4_97_ap_vld  |  out|    1|      ap_vld|  FFT_complex_ap_fixed_16_8_5_3_0_complex_ap_fixed_16_8_5_3_0_s4_97|       pointer|
|FFT_complex_ap_fixed_16_8_5_3_0_complex_ap_fixed_16_8_5_3_0_s4_36         |  out|   16|      ap_vld|  FFT_complex_ap_fixed_16_8_5_3_0_complex_ap_fixed_16_8_5_3_0_s4_36|       pointer|
|FFT_complex_ap_fixed_16_8_5_3_0_complex_ap_fixed_16_8_5_3_0_s4_36_ap_vld  |  out|    1|      ap_vld|  FFT_complex_ap_fixed_16_8_5_3_0_complex_ap_fixed_16_8_5_3_0_s4_36|       pointer|
|FFT_complex_ap_fixed_16_8_5_3_0_complex_ap_fixed_16_8_5_3_0_s4_98         |  out|   16|      ap_vld|  FFT_complex_ap_fixed_16_8_5_3_0_complex_ap_fixed_16_8_5_3_0_s4_98|       pointer|
|FFT_complex_ap_fixed_16_8_5_3_0_complex_ap_fixed_16_8_5_3_0_s4_98_ap_vld  |  out|    1|      ap_vld|  FFT_complex_ap_fixed_16_8_5_3_0_complex_ap_fixed_16_8_5_3_0_s4_98|       pointer|
|FFT_complex_ap_fixed_16_8_5_3_0_complex_ap_fixed_16_8_5_3_0_s4_35         |  out|   16|      ap_vld|  FFT_complex_ap_fixed_16_8_5_3_0_complex_ap_fixed_16_8_5_3_0_s4_35|       pointer|
|FFT_complex_ap_fixed_16_8_5_3_0_complex_ap_fixed_16_8_5_3_0_s4_35_ap_vld  |  out|    1|      ap_vld|  FFT_complex_ap_fixed_16_8_5_3_0_complex_ap_fixed_16_8_5_3_0_s4_35|       pointer|
|FFT_complex_ap_fixed_16_8_5_3_0_complex_ap_fixed_16_8_5_3_0_s4_99         |  out|   16|      ap_vld|  FFT_complex_ap_fixed_16_8_5_3_0_complex_ap_fixed_16_8_5_3_0_s4_99|       pointer|
|FFT_complex_ap_fixed_16_8_5_3_0_complex_ap_fixed_16_8_5_3_0_s4_99_ap_vld  |  out|    1|      ap_vld|  FFT_complex_ap_fixed_16_8_5_3_0_complex_ap_fixed_16_8_5_3_0_s4_99|       pointer|
|FFT_complex_ap_fixed_16_8_5_3_0_complex_ap_fixed_16_8_5_3_0_s4_34         |  out|   16|      ap_vld|  FFT_complex_ap_fixed_16_8_5_3_0_complex_ap_fixed_16_8_5_3_0_s4_34|       pointer|
|FFT_complex_ap_fixed_16_8_5_3_0_complex_ap_fixed_16_8_5_3_0_s4_34_ap_vld  |  out|    1|      ap_vld|  FFT_complex_ap_fixed_16_8_5_3_0_complex_ap_fixed_16_8_5_3_0_s4_34|       pointer|
|FFT_complex_ap_fixed_16_8_5_3_0_complex_ap_fixed_16_8_5_3_0_s4_41         |  out|   16|      ap_vld|  FFT_complex_ap_fixed_16_8_5_3_0_complex_ap_fixed_16_8_5_3_0_s4_41|       pointer|
|FFT_complex_ap_fixed_16_8_5_3_0_complex_ap_fixed_16_8_5_3_0_s4_41_ap_vld  |  out|    1|      ap_vld|  FFT_complex_ap_fixed_16_8_5_3_0_complex_ap_fixed_16_8_5_3_0_s4_41|       pointer|
|FFT_complex_ap_fixed_16_8_5_3_0_complex_ap_fixed_16_8_5_3_0_s4_33         |  out|   16|      ap_vld|  FFT_complex_ap_fixed_16_8_5_3_0_complex_ap_fixed_16_8_5_3_0_s4_33|       pointer|
|FFT_complex_ap_fixed_16_8_5_3_0_complex_ap_fixed_16_8_5_3_0_s4_33_ap_vld  |  out|    1|      ap_vld|  FFT_complex_ap_fixed_16_8_5_3_0_complex_ap_fixed_16_8_5_3_0_s4_33|       pointer|
|FFT_complex_ap_fixed_16_8_5_3_0_complex_ap_fixed_16_8_5_3_0_s4_40         |  out|   16|      ap_vld|  FFT_complex_ap_fixed_16_8_5_3_0_complex_ap_fixed_16_8_5_3_0_s4_40|       pointer|
|FFT_complex_ap_fixed_16_8_5_3_0_complex_ap_fixed_16_8_5_3_0_s4_40_ap_vld  |  out|    1|      ap_vld|  FFT_complex_ap_fixed_16_8_5_3_0_complex_ap_fixed_16_8_5_3_0_s4_40|       pointer|
|FFT_complex_ap_fixed_16_8_5_3_0_complex_ap_fixed_16_8_5_3_0_s4_32         |  out|   16|      ap_vld|  FFT_complex_ap_fixed_16_8_5_3_0_complex_ap_fixed_16_8_5_3_0_s4_32|       pointer|
|FFT_complex_ap_fixed_16_8_5_3_0_complex_ap_fixed_16_8_5_3_0_s4_32_ap_vld  |  out|    1|      ap_vld|  FFT_complex_ap_fixed_16_8_5_3_0_complex_ap_fixed_16_8_5_3_0_s4_32|       pointer|
|FFT_complex_ap_fixed_16_8_5_3_0_complex_ap_fixed_16_8_5_3_0_s4_15         |  out|   16|      ap_vld|  FFT_complex_ap_fixed_16_8_5_3_0_complex_ap_fixed_16_8_5_3_0_s4_15|       pointer|
|FFT_complex_ap_fixed_16_8_5_3_0_complex_ap_fixed_16_8_5_3_0_s4_15_ap_vld  |  out|    1|      ap_vld|  FFT_complex_ap_fixed_16_8_5_3_0_complex_ap_fixed_16_8_5_3_0_s4_15|       pointer|
|FFT_complex_ap_fixed_16_8_5_3_0_complex_ap_fixed_16_8_5_3_0_s4_7          |  out|   16|      ap_vld|   FFT_complex_ap_fixed_16_8_5_3_0_complex_ap_fixed_16_8_5_3_0_s4_7|       pointer|
|FFT_complex_ap_fixed_16_8_5_3_0_complex_ap_fixed_16_8_5_3_0_s4_7_ap_vld   |  out|    1|      ap_vld|   FFT_complex_ap_fixed_16_8_5_3_0_complex_ap_fixed_16_8_5_3_0_s4_7|       pointer|
|FFT_complex_ap_fixed_16_8_5_3_0_complex_ap_fixed_16_8_5_3_0_s4_14         |  out|   16|      ap_vld|  FFT_complex_ap_fixed_16_8_5_3_0_complex_ap_fixed_16_8_5_3_0_s4_14|       pointer|
|FFT_complex_ap_fixed_16_8_5_3_0_complex_ap_fixed_16_8_5_3_0_s4_14_ap_vld  |  out|    1|      ap_vld|  FFT_complex_ap_fixed_16_8_5_3_0_complex_ap_fixed_16_8_5_3_0_s4_14|       pointer|
|FFT_complex_ap_fixed_16_8_5_3_0_complex_ap_fixed_16_8_5_3_0_s4_6          |  out|   16|      ap_vld|   FFT_complex_ap_fixed_16_8_5_3_0_complex_ap_fixed_16_8_5_3_0_s4_6|       pointer|
|FFT_complex_ap_fixed_16_8_5_3_0_complex_ap_fixed_16_8_5_3_0_s4_6_ap_vld   |  out|    1|      ap_vld|   FFT_complex_ap_fixed_16_8_5_3_0_complex_ap_fixed_16_8_5_3_0_s4_6|       pointer|
|FFT_complex_ap_fixed_16_8_5_3_0_complex_ap_fixed_16_8_5_3_0_s4_13         |  out|   16|      ap_vld|  FFT_complex_ap_fixed_16_8_5_3_0_complex_ap_fixed_16_8_5_3_0_s4_13|       pointer|
|FFT_complex_ap_fixed_16_8_5_3_0_complex_ap_fixed_16_8_5_3_0_s4_13_ap_vld  |  out|    1|      ap_vld|  FFT_complex_ap_fixed_16_8_5_3_0_complex_ap_fixed_16_8_5_3_0_s4_13|       pointer|
|FFT_complex_ap_fixed_16_8_5_3_0_complex_ap_fixed_16_8_5_3_0_s4_5          |  out|   16|      ap_vld|   FFT_complex_ap_fixed_16_8_5_3_0_complex_ap_fixed_16_8_5_3_0_s4_5|       pointer|
|FFT_complex_ap_fixed_16_8_5_3_0_complex_ap_fixed_16_8_5_3_0_s4_5_ap_vld   |  out|    1|      ap_vld|   FFT_complex_ap_fixed_16_8_5_3_0_complex_ap_fixed_16_8_5_3_0_s4_5|       pointer|
|FFT_complex_ap_fixed_16_8_5_3_0_complex_ap_fixed_16_8_5_3_0_s4_12         |  out|   16|      ap_vld|  FFT_complex_ap_fixed_16_8_5_3_0_complex_ap_fixed_16_8_5_3_0_s4_12|       pointer|
|FFT_complex_ap_fixed_16_8_5_3_0_complex_ap_fixed_16_8_5_3_0_s4_12_ap_vld  |  out|    1|      ap_vld|  FFT_complex_ap_fixed_16_8_5_3_0_complex_ap_fixed_16_8_5_3_0_s4_12|       pointer|
|FFT_complex_ap_fixed_16_8_5_3_0_complex_ap_fixed_16_8_5_3_0_s4_4          |  out|   16|      ap_vld|   FFT_complex_ap_fixed_16_8_5_3_0_complex_ap_fixed_16_8_5_3_0_s4_4|       pointer|
|FFT_complex_ap_fixed_16_8_5_3_0_complex_ap_fixed_16_8_5_3_0_s4_4_ap_vld   |  out|    1|      ap_vld|   FFT_complex_ap_fixed_16_8_5_3_0_complex_ap_fixed_16_8_5_3_0_s4_4|       pointer|
|FFT_complex_ap_fixed_16_8_5_3_0_complex_ap_fixed_16_8_5_3_0_s4_11         |  out|   16|      ap_vld|  FFT_complex_ap_fixed_16_8_5_3_0_complex_ap_fixed_16_8_5_3_0_s4_11|       pointer|
|FFT_complex_ap_fixed_16_8_5_3_0_complex_ap_fixed_16_8_5_3_0_s4_11_ap_vld  |  out|    1|      ap_vld|  FFT_complex_ap_fixed_16_8_5_3_0_complex_ap_fixed_16_8_5_3_0_s4_11|       pointer|
|FFT_complex_ap_fixed_16_8_5_3_0_complex_ap_fixed_16_8_5_3_0_s4_3          |  out|   16|      ap_vld|   FFT_complex_ap_fixed_16_8_5_3_0_complex_ap_fixed_16_8_5_3_0_s4_3|       pointer|
|FFT_complex_ap_fixed_16_8_5_3_0_complex_ap_fixed_16_8_5_3_0_s4_3_ap_vld   |  out|    1|      ap_vld|   FFT_complex_ap_fixed_16_8_5_3_0_complex_ap_fixed_16_8_5_3_0_s4_3|       pointer|
|FFT_complex_ap_fixed_16_8_5_3_0_complex_ap_fixed_16_8_5_3_0_s4_10         |  out|   16|      ap_vld|  FFT_complex_ap_fixed_16_8_5_3_0_complex_ap_fixed_16_8_5_3_0_s4_10|       pointer|
|FFT_complex_ap_fixed_16_8_5_3_0_complex_ap_fixed_16_8_5_3_0_s4_10_ap_vld  |  out|    1|      ap_vld|  FFT_complex_ap_fixed_16_8_5_3_0_complex_ap_fixed_16_8_5_3_0_s4_10|       pointer|
|FFT_complex_ap_fixed_16_8_5_3_0_complex_ap_fixed_16_8_5_3_0_s4_2          |  out|   16|      ap_vld|   FFT_complex_ap_fixed_16_8_5_3_0_complex_ap_fixed_16_8_5_3_0_s4_2|       pointer|
|FFT_complex_ap_fixed_16_8_5_3_0_complex_ap_fixed_16_8_5_3_0_s4_2_ap_vld   |  out|    1|      ap_vld|   FFT_complex_ap_fixed_16_8_5_3_0_complex_ap_fixed_16_8_5_3_0_s4_2|       pointer|
|FFT_complex_ap_fixed_16_8_5_3_0_complex_ap_fixed_16_8_5_3_0_s4_9          |  out|   16|      ap_vld|   FFT_complex_ap_fixed_16_8_5_3_0_complex_ap_fixed_16_8_5_3_0_s4_9|       pointer|
|FFT_complex_ap_fixed_16_8_5_3_0_complex_ap_fixed_16_8_5_3_0_s4_9_ap_vld   |  out|    1|      ap_vld|   FFT_complex_ap_fixed_16_8_5_3_0_complex_ap_fixed_16_8_5_3_0_s4_9|       pointer|
|FFT_complex_ap_fixed_16_8_5_3_0_complex_ap_fixed_16_8_5_3_0_s4_1          |  out|   16|      ap_vld|   FFT_complex_ap_fixed_16_8_5_3_0_complex_ap_fixed_16_8_5_3_0_s4_1|       pointer|
|FFT_complex_ap_fixed_16_8_5_3_0_complex_ap_fixed_16_8_5_3_0_s4_1_ap_vld   |  out|    1|      ap_vld|   FFT_complex_ap_fixed_16_8_5_3_0_complex_ap_fixed_16_8_5_3_0_s4_1|       pointer|
|FFT_complex_ap_fixed_16_8_5_3_0_complex_ap_fixed_16_8_5_3_0_s4_8          |  out|   16|      ap_vld|   FFT_complex_ap_fixed_16_8_5_3_0_complex_ap_fixed_16_8_5_3_0_s4_8|       pointer|
|FFT_complex_ap_fixed_16_8_5_3_0_complex_ap_fixed_16_8_5_3_0_s4_8_ap_vld   |  out|    1|      ap_vld|   FFT_complex_ap_fixed_16_8_5_3_0_complex_ap_fixed_16_8_5_3_0_s4_8|       pointer|
|FFT_complex_ap_fixed_16_8_5_3_0_complex_ap_fixed_16_8_5_3_0_s4            |  out|   16|      ap_vld|     FFT_complex_ap_fixed_16_8_5_3_0_complex_ap_fixed_16_8_5_3_0_s4|       pointer|
|FFT_complex_ap_fixed_16_8_5_3_0_complex_ap_fixed_16_8_5_3_0_s4_ap_vld     |  out|    1|      ap_vld|     FFT_complex_ap_fixed_16_8_5_3_0_complex_ap_fixed_16_8_5_3_0_s4|       pointer|
+--------------------------------------------------------------------------+-----+-----+------------+-------------------------------------------------------------------+--------------+

